// Jest Snapshot v1, https://goo.gl/fbAQLP

exports[`AlgebraPool gas tests [ @skip-on-coverage ] fee is off #burn above current price burn entire position after some time passes 1`] = `106116`;

exports[`AlgebraPool gas tests [ @skip-on-coverage ] fee is off #burn above current price burn when only position using ticks 1`] = `106116`;

exports[`AlgebraPool gas tests [ @skip-on-coverage ] fee is off #burn above current price entire position burn but other positions are using the ticks 1`] = `108459`;

exports[`AlgebraPool gas tests [ @skip-on-coverage ] fee is off #burn above current price partial position burn 1`] = `113290`;

exports[`AlgebraPool gas tests [ @skip-on-coverage ] fee is off #burn around current price burn entire position after some time passes 1`] = `166281`;

exports[`AlgebraPool gas tests [ @skip-on-coverage ] fee is off #burn around current price burn when only position using ticks 1`] = `114296`;

exports[`AlgebraPool gas tests [ @skip-on-coverage ] fee is off #burn around current price entire position burn but other positions are using the ticks 1`] = `108283`;

exports[`AlgebraPool gas tests [ @skip-on-coverage ] fee is off #burn around current price partial position burn 1`] = `113114`;

exports[`AlgebraPool gas tests [ @skip-on-coverage ] fee is off #burn below current price burn entire position after some time passes 1`] = `115552`;

exports[`AlgebraPool gas tests [ @skip-on-coverage ] fee is off #burn below current price burn when only position using ticks 1`] = `115552`;

exports[`AlgebraPool gas tests [ @skip-on-coverage ] fee is off #burn below current price entire position burn but other positions are using the ticks 1`] = `109053`;

exports[`AlgebraPool gas tests [ @skip-on-coverage ] fee is off #burn below current price partial position burn 1`] = `113884`;

exports[`AlgebraPool gas tests [ @skip-on-coverage ] fee is off #collect close to worst case 1`] = `47934`;

exports[`AlgebraPool gas tests [ @skip-on-coverage ] fee is off #collect close to worst case, two tokens 1`] = `66217`;

exports[`AlgebraPool gas tests [ @skip-on-coverage ] fee is off #getInnerCumulatives tick above 1`] = `30002`;

exports[`AlgebraPool gas tests [ @skip-on-coverage ] fee is off #getInnerCumulatives tick below 1`] = `29970`;

exports[`AlgebraPool gas tests [ @skip-on-coverage ] fee is off #getInnerCumulatives tick inside 1`] = `52289`;

exports[`AlgebraPool gas tests [ @skip-on-coverage ] fee is off #mint above current price add to position after some time passes 1`] = `126684`;

exports[`AlgebraPool gas tests [ @skip-on-coverage ] fee is off #mint above current price add to position existing 1`] = `126684`;

exports[`AlgebraPool gas tests [ @skip-on-coverage ] fee is off #mint above current price new position mint first in range 1`] = `245182`;

exports[`AlgebraPool gas tests [ @skip-on-coverage ] fee is off #mint above current price second position in same range 1`] = `143784`;

exports[`AlgebraPool gas tests [ @skip-on-coverage ] fee is off #mint around current price add to position after some time passes 1`] = `221122`;

exports[`AlgebraPool gas tests [ @skip-on-coverage ] fee is off #mint around current price add to position existing 1`] = `153340`;

exports[`AlgebraPool gas tests [ @skip-on-coverage ] fee is off #mint around current price new position mint first in range 1`] = `402103`;

exports[`AlgebraPool gas tests [ @skip-on-coverage ] fee is off #mint around current price second position in same range 1`] = `170440`;

exports[`AlgebraPool gas tests [ @skip-on-coverage ] fee is off #mint below current price add to position after some time passes 1`] = `127765`;

exports[`AlgebraPool gas tests [ @skip-on-coverage ] fee is off #mint below current price add to position existing 1`] = `127765`;

exports[`AlgebraPool gas tests [ @skip-on-coverage ] fee is off #mint below current price new position mint first in range 1`] = `327429`;

exports[`AlgebraPool gas tests [ @skip-on-coverage ] fee is off #mint below current price second position in same range 1`] = `144865`;

exports[`AlgebraPool gas tests [ @skip-on-coverage ] fee is off #poke best case 1`] = `48627`;

exports[`AlgebraPool gas tests [ @skip-on-coverage ] fee is off #swapExact0For1 first swap in block moves tick, no initialized crossings 1`] = `188007`;

exports[`AlgebraPool gas tests [ @skip-on-coverage ] fee is off #swapExact0For1 first swap in block with no tick movement 1`] = `181741`;

exports[`AlgebraPool gas tests [ @skip-on-coverage ] fee is off #swapExact0For1 first swap in block, large swap crossing a single initialized tick 1`] = `210939`;

exports[`AlgebraPool gas tests [ @skip-on-coverage ] fee is off #swapExact0For1 first swap in block, large swap crossing several initialized ticks 1`] = `264208`;

exports[`AlgebraPool gas tests [ @skip-on-coverage ] fee is off #swapExact0For1 first swap in block, large swap, no initialized crossings 1`] = `200449`;

exports[`AlgebraPool gas tests [ @skip-on-coverage ] fee is off #swapExact0For1 large swap crossing several initialized ticks after some time passes 1`] = `264208`;

exports[`AlgebraPool gas tests [ @skip-on-coverage ] fee is off #swapExact0For1 large swap crossing several initialized ticks second time after some time passes 1`] = `283408`;

exports[`AlgebraPool gas tests [ @skip-on-coverage ] fee is off #swapExact0For1 second swap in block moves tick, no initialized crossings 1`] = `122215`;

exports[`AlgebraPool gas tests [ @skip-on-coverage ] fee is off #swapExact0For1 second swap in block with no tick movement 1`] = `115999`;

exports[`AlgebraPool gas tests [ @skip-on-coverage ] fee is off #swapExact0For1 second swap in block, large swap crossing a single initialized tick 1`] = `142135`;

exports[`AlgebraPool gas tests [ @skip-on-coverage ] fee is off #swapExact0For1 second swap in block, large swap crossing several initialized ticks 1`] = `196296`;

exports[`AlgebraPool gas tests [ @skip-on-coverage ] fee is off #swapExact0For1 several large swaps with pauses 1`] = `306140`;

exports[`AlgebraPool gas tests [ @skip-on-coverage ] fee is off #swapExact0For1 small swap after several large swaps with pauses 1`] = `204982`;

exports[`AlgebraPool gas tests [ @skip-on-coverage ] fee is on #burn above current price burn entire position after some time passes 1`] = `106116`;

exports[`AlgebraPool gas tests [ @skip-on-coverage ] fee is on #burn above current price burn when only position using ticks 1`] = `106116`;

exports[`AlgebraPool gas tests [ @skip-on-coverage ] fee is on #burn above current price entire position burn but other positions are using the ticks 1`] = `108459`;

exports[`AlgebraPool gas tests [ @skip-on-coverage ] fee is on #burn above current price partial position burn 1`] = `113290`;

exports[`AlgebraPool gas tests [ @skip-on-coverage ] fee is on #burn around current price burn entire position after some time passes 1`] = `166281`;

exports[`AlgebraPool gas tests [ @skip-on-coverage ] fee is on #burn around current price burn when only position using ticks 1`] = `114296`;

exports[`AlgebraPool gas tests [ @skip-on-coverage ] fee is on #burn around current price entire position burn but other positions are using the ticks 1`] = `108283`;

exports[`AlgebraPool gas tests [ @skip-on-coverage ] fee is on #burn around current price partial position burn 1`] = `113114`;

exports[`AlgebraPool gas tests [ @skip-on-coverage ] fee is on #burn below current price burn entire position after some time passes 1`] = `115552`;

exports[`AlgebraPool gas tests [ @skip-on-coverage ] fee is on #burn below current price burn when only position using ticks 1`] = `115552`;

exports[`AlgebraPool gas tests [ @skip-on-coverage ] fee is on #burn below current price entire position burn but other positions are using the ticks 1`] = `109053`;

exports[`AlgebraPool gas tests [ @skip-on-coverage ] fee is on #burn below current price partial position burn 1`] = `113884`;

exports[`AlgebraPool gas tests [ @skip-on-coverage ] fee is on #collect close to worst case 1`] = `47934`;

exports[`AlgebraPool gas tests [ @skip-on-coverage ] fee is on #collect close to worst case, two tokens 1`] = `66217`;

exports[`AlgebraPool gas tests [ @skip-on-coverage ] fee is on #getInnerCumulatives tick above 1`] = `30002`;

exports[`AlgebraPool gas tests [ @skip-on-coverage ] fee is on #getInnerCumulatives tick below 1`] = `29970`;

exports[`AlgebraPool gas tests [ @skip-on-coverage ] fee is on #getInnerCumulatives tick inside 1`] = `52289`;

exports[`AlgebraPool gas tests [ @skip-on-coverage ] fee is on #mint above current price add to position after some time passes 1`] = `126684`;

exports[`AlgebraPool gas tests [ @skip-on-coverage ] fee is on #mint above current price add to position existing 1`] = `126684`;

exports[`AlgebraPool gas tests [ @skip-on-coverage ] fee is on #mint above current price new position mint first in range 1`] = `245182`;

exports[`AlgebraPool gas tests [ @skip-on-coverage ] fee is on #mint above current price second position in same range 1`] = `143784`;

exports[`AlgebraPool gas tests [ @skip-on-coverage ] fee is on #mint around current price add to position after some time passes 1`] = `221122`;

exports[`AlgebraPool gas tests [ @skip-on-coverage ] fee is on #mint around current price add to position existing 1`] = `153340`;

exports[`AlgebraPool gas tests [ @skip-on-coverage ] fee is on #mint around current price new position mint first in range 1`] = `402103`;

exports[`AlgebraPool gas tests [ @skip-on-coverage ] fee is on #mint around current price second position in same range 1`] = `170440`;

exports[`AlgebraPool gas tests [ @skip-on-coverage ] fee is on #mint below current price add to position after some time passes 1`] = `127765`;

exports[`AlgebraPool gas tests [ @skip-on-coverage ] fee is on #mint below current price add to position existing 1`] = `127765`;

exports[`AlgebraPool gas tests [ @skip-on-coverage ] fee is on #mint below current price new position mint first in range 1`] = `327429`;

exports[`AlgebraPool gas tests [ @skip-on-coverage ] fee is on #mint below current price second position in same range 1`] = `144865`;

exports[`AlgebraPool gas tests [ @skip-on-coverage ] fee is on #poke best case 1`] = `48627`;

exports[`AlgebraPool gas tests [ @skip-on-coverage ] fee is on #swapExact0For1 first swap in block moves tick, no initialized crossings 1`] = `202779`;

exports[`AlgebraPool gas tests [ @skip-on-coverage ] fee is on #swapExact0For1 first swap in block with no tick movement 1`] = `196276`;

exports[`AlgebraPool gas tests [ @skip-on-coverage ] fee is on #swapExact0For1 first swap in block, large swap crossing a single initialized tick 1`] = `225948`;

exports[`AlgebraPool gas tests [ @skip-on-coverage ] fee is on #swapExact0For1 first swap in block, large swap crossing several initialized ticks 1`] = `279928`;

exports[`AlgebraPool gas tests [ @skip-on-coverage ] fee is on #swapExact0For1 first swap in block, large swap, no initialized crossings 1`] = `215695`;

exports[`AlgebraPool gas tests [ @skip-on-coverage ] fee is on #swapExact0For1 large swap crossing several initialized ticks after some time passes 1`] = `279928`;

exports[`AlgebraPool gas tests [ @skip-on-coverage ] fee is on #swapExact0For1 large swap crossing several initialized ticks second time after some time passes 1`] = `299128`;

exports[`AlgebraPool gas tests [ @skip-on-coverage ] fee is on #swapExact0For1 second swap in block moves tick, no initialized crossings 1`] = `136987`;

exports[`AlgebraPool gas tests [ @skip-on-coverage ] fee is on #swapExact0For1 second swap in block with no tick movement 1`] = `130534`;

exports[`AlgebraPool gas tests [ @skip-on-coverage ] fee is on #swapExact0For1 second swap in block, large swap crossing a single initialized tick 1`] = `156907`;

exports[`AlgebraPool gas tests [ @skip-on-coverage ] fee is on #swapExact0For1 second swap in block, large swap crossing several initialized ticks 1`] = `211779`;

exports[`AlgebraPool gas tests [ @skip-on-coverage ] fee is on #swapExact0For1 several large swaps with pauses 1`] = `321860`;

exports[`AlgebraPool gas tests [ @skip-on-coverage ] fee is on #swapExact0For1 small swap after several large swaps with pauses 1`] = `205219`;
