// Jest Snapshot v1, https://goo.gl/fbAQLP

exports[`AlgebraFactory #createPool gas [ @skip-on-coverage ] 1`] = `6601050`;

exports[`AlgebraFactory factory bytecode size  [ @skip-on-coverage ] 1`] = `13227`;

exports[`AlgebraFactory pool bytecode size  [ @skip-on-coverage ] 1`] = `21770`;
