// Jest Snapshot v1, https://goo.gl/fbAQLP

exports[`DataStorage #getTimepoints before initialization gas for getTimepoints since most recent  [ @skip-on-coverage ] 1`] = `11106`;

exports[`DataStorage #getTimepoints before initialization gas for single timepoint at current time  [ @skip-on-coverage ] 1`] = `8875`;

exports[`DataStorage #getTimepoints before initialization gas for single timepoint at current time counterfactually computed  [ @skip-on-coverage ] 1`] = `10809`;

exports[`DataStorage #getTimepoints initialized with 5 timepoints with starting time of 5 fetch many values 1`] = `
Object {
  "secondsPerLiquidityCumulatives": Array [
    "544451787073501541541399371890829138329",
    "799663562264205389138930327464655296921",
    "1045423049484883168306923099498710116305",
    "1423514568285925905488450441089563684590",
    "2152691068830794041481396028443352709138",
    "2347138135642758877746181518404363115684",
    "2395749902345750086812377890894615717321",
  ],
  "tickCumulatives": Array [
    -13,
    -31,
    -43,
    -37,
    -15,
    9,
    15,
  ],
}
`;

exports[`DataStorage #getTimepoints initialized with 5 timepoints with starting time of 5 gas all of last 20 seconds  [ @skip-on-coverage ] 1`] = `155703`;

exports[`DataStorage #getTimepoints initialized with 5 timepoints with starting time of 5 gas between oldest and oldest + 1  [ @skip-on-coverage ] 1`] = `24916`;

exports[`DataStorage #getTimepoints initialized with 5 timepoints with starting time of 5 gas latest equal  [ @skip-on-coverage ] 1`] = `8875`;

exports[`DataStorage #getTimepoints initialized with 5 timepoints with starting time of 5 gas latest transform  [ @skip-on-coverage ] 1`] = `15426`;

exports[`DataStorage #getTimepoints initialized with 5 timepoints with starting time of 5 gas middle  [ @skip-on-coverage ] 1`] = `24498`;

exports[`DataStorage #getTimepoints initialized with 5 timepoints with starting time of 5 gas oldest  [ @skip-on-coverage ] 1`] = `23379`;

exports[`DataStorage #getTimepoints initialized with 5 timepoints with starting time of 4294967291 fetch many values 1`] = `
Object {
  "secondsPerLiquidityCumulatives": Array [
    "544451787073501541541399371890829138329",
    "799663562264205389138930327464655296921",
    "1045423049484883168306923099498710116305",
    "1423514568285925905488450441089563684590",
    "2152691068830794041481396028443352709138",
    "2347138135642758877746181518404363115684",
    "2395749902345750086812377890894615717321",
  ],
  "tickCumulatives": Array [
    -13,
    -31,
    -43,
    -37,
    -15,
    9,
    15,
  ],
}
`;

exports[`DataStorage #getTimepoints initialized with 5 timepoints with starting time of 4294967291 gas all of last 20 seconds  [ @skip-on-coverage ] 1`] = `155355`;

exports[`DataStorage #getTimepoints initialized with 5 timepoints with starting time of 4294967291 gas between oldest and oldest + 1  [ @skip-on-coverage ] 1`] = `24858`;

exports[`DataStorage #getTimepoints initialized with 5 timepoints with starting time of 4294967291 gas latest equal  [ @skip-on-coverage ] 1`] = `8875`;

exports[`DataStorage #getTimepoints initialized with 5 timepoints with starting time of 4294967291 gas latest transform  [ @skip-on-coverage ] 1`] = `15455`;

exports[`DataStorage #getTimepoints initialized with 5 timepoints with starting time of 4294967291 gas middle  [ @skip-on-coverage ] 1`] = `24469`;

exports[`DataStorage #getTimepoints initialized with 5 timepoints with starting time of 4294967291 gas oldest  [ @skip-on-coverage ] 1`] = `23321`;

exports[`DataStorage #initialize gas  [ @skip-on-coverage ] 1`] = `89994`;
