// Jest Snapshot v1, https://goo.gl/fbAQLP

exports[`LiquidityMath #addDelta gas add  [ @skip-on-coverage ] 1`] = `162`;

exports[`LiquidityMath #addDelta gas sub  [ @skip-on-coverage ] 1`] = `176`;
